mode: set
github.com/jooservices/go-jabledownloader/cmd/jabledownloader/main.go:63.13,65.2 1 0
github.com/jooservices/go-jabledownloader/cmd/jabledownloader/main.go:67.16,73.52 4 1
github.com/jooservices/go-jabledownloader/cmd/jabledownloader/main.go:73.52,76.3 2 1
github.com/jooservices/go-jabledownloader/cmd/jabledownloader/main.go:77.2,77.15 1 1
github.com/jooservices/go-jabledownloader/cmd/jabledownloader/main.go:80.33,82.30 2 1
github.com/jooservices/go-jabledownloader/cmd/jabledownloader/main.go:82.30,84.3 1 1
github.com/jooservices/go-jabledownloader/cmd/jabledownloader/main.go:85.2,85.18 1 1
github.com/jooservices/go-jabledownloader/cmd/jabledownloader/main.go:88.34,120.2 21 1
github.com/jooservices/go-jabledownloader/cmd/jabledownloader/main.go:122.33,129.55 1 1
github.com/jooservices/go-jabledownloader/cmd/jabledownloader/main.go:129.55,131.18 2 0
github.com/jooservices/go-jabledownloader/cmd/jabledownloader/main.go:131.18,133.5 1 0
github.com/jooservices/go-jabledownloader/cmd/jabledownloader/main.go:134.4,135.45 2 0
github.com/jooservices/go-jabledownloader/cmd/jabledownloader/main.go:140.36,147.55 1 1
github.com/jooservices/go-jabledownloader/cmd/jabledownloader/main.go:147.55,149.18 2 0
github.com/jooservices/go-jabledownloader/cmd/jabledownloader/main.go:149.18,151.5 1 0
github.com/jooservices/go-jabledownloader/cmd/jabledownloader/main.go:152.4,155.71 3 0
github.com/jooservices/go-jabledownloader/cmd/jabledownloader/main.go:155.71,157.6 1 0
github.com/jooservices/go-jabledownloader/cmd/jabledownloader/main.go:160.2,161.12 2 1
github.com/jooservices/go-jabledownloader/cmd/jabledownloader/main.go:164.36,170.52 1 1
github.com/jooservices/go-jabledownloader/cmd/jabledownloader/main.go:170.52,172.18 2 0
github.com/jooservices/go-jabledownloader/cmd/jabledownloader/main.go:172.18,174.5 1 0
github.com/jooservices/go-jabledownloader/cmd/jabledownloader/main.go:175.4,176.92 2 0
github.com/jooservices/go-jabledownloader/cmd/jabledownloader/main.go:179.2,180.12 2 1
github.com/jooservices/go-jabledownloader/cmd/jabledownloader/main.go:183.33,189.52 1 1
github.com/jooservices/go-jabledownloader/cmd/jabledownloader/main.go:189.52,191.18 2 0
github.com/jooservices/go-jabledownloader/cmd/jabledownloader/main.go:191.18,193.5 1 0
github.com/jooservices/go-jabledownloader/cmd/jabledownloader/main.go:194.4,195.83 2 0
github.com/jooservices/go-jabledownloader/cmd/jabledownloader/main.go:198.2,199.12 2 1
github.com/jooservices/go-jabledownloader/cmd/jabledownloader/main.go:202.36,207.52 1 1
github.com/jooservices/go-jabledownloader/cmd/jabledownloader/main.go:207.52,209.4 1 0
github.com/jooservices/go-jabledownloader/cmd/jabledownloader/main.go:211.2,212.12 2 1
github.com/jooservices/go-jabledownloader/cmd/jabledownloader/main.go:215.36,221.52 1 1
github.com/jooservices/go-jabledownloader/cmd/jabledownloader/main.go:221.52,223.4 1 0
github.com/jooservices/go-jabledownloader/cmd/jabledownloader/main.go:225.2,229.55 1 1
github.com/jooservices/go-jabledownloader/cmd/jabledownloader/main.go:229.55,230.22 1 1
github.com/jooservices/go-jabledownloader/cmd/jabledownloader/main.go:230.22,232.5 1 0
github.com/jooservices/go-jabledownloader/cmd/jabledownloader/main.go:233.4,233.37 1 1
github.com/jooservices/go-jabledownloader/cmd/jabledownloader/main.go:236.2,240.55 1 1
github.com/jooservices/go-jabledownloader/cmd/jabledownloader/main.go:240.55,242.4 1 1
github.com/jooservices/go-jabledownloader/cmd/jabledownloader/main.go:244.2,244.12 1 1
github.com/jooservices/go-jabledownloader/cmd/jabledownloader/main.go:247.46,249.16 2 0
github.com/jooservices/go-jabledownloader/cmd/jabledownloader/main.go:249.16,251.3 1 0
github.com/jooservices/go-jabledownloader/cmd/jabledownloader/main.go:252.2,255.12 4 0
github.com/jooservices/go-jabledownloader/cmd/jabledownloader/main.go:258.57,260.16 2 1
github.com/jooservices/go-jabledownloader/cmd/jabledownloader/main.go:260.16,262.3 1 0
github.com/jooservices/go-jabledownloader/cmd/jabledownloader/main.go:263.2,263.30 1 1
github.com/jooservices/go-jabledownloader/cmd/jabledownloader/main.go:264.20,265.49 1 0
github.com/jooservices/go-jabledownloader/cmd/jabledownloader/main.go:266.22,267.51 1 1
github.com/jooservices/go-jabledownloader/cmd/jabledownloader/main.go:268.14,269.49 1 0
github.com/jooservices/go-jabledownloader/cmd/jabledownloader/main.go:270.10,271.94 1 0
github.com/jooservices/go-jabledownloader/cmd/jabledownloader/main.go:273.2,273.12 1 1
github.com/jooservices/go-jabledownloader/cmd/jabledownloader/main.go:276.64,278.16 2 1
github.com/jooservices/go-jabledownloader/cmd/jabledownloader/main.go:278.16,280.3 1 0
github.com/jooservices/go-jabledownloader/cmd/jabledownloader/main.go:281.2,281.30 1 1
github.com/jooservices/go-jabledownloader/cmd/jabledownloader/main.go:282.20,283.37 1 0
github.com/jooservices/go-jabledownloader/cmd/jabledownloader/main.go:283.37,285.4 1 0
github.com/jooservices/go-jabledownloader/cmd/jabledownloader/main.go:286.3,286.24 1 0
github.com/jooservices/go-jabledownloader/cmd/jabledownloader/main.go:287.22,289.27 2 1
github.com/jooservices/go-jabledownloader/cmd/jabledownloader/main.go:289.27,291.4 1 0
github.com/jooservices/go-jabledownloader/cmd/jabledownloader/main.go:292.3,292.22 1 1
github.com/jooservices/go-jabledownloader/cmd/jabledownloader/main.go:293.10,294.88 1 0
github.com/jooservices/go-jabledownloader/cmd/jabledownloader/main.go:296.2,296.35 1 1
github.com/jooservices/go-jabledownloader/cmd/jabledownloader/main.go:296.35,298.3 1 0
github.com/jooservices/go-jabledownloader/cmd/jabledownloader/main.go:299.2,300.12 2 1
github.com/jooservices/go-jabledownloader/cmd/jabledownloader/main.go:303.59,310.53 1 1
github.com/jooservices/go-jabledownloader/cmd/jabledownloader/main.go:310.53,311.19 1 1
github.com/jooservices/go-jabledownloader/cmd/jabledownloader/main.go:312.16,313.53 1 1
github.com/jooservices/go-jabledownloader/cmd/jabledownloader/main.go:314.15,315.44 1 1
github.com/jooservices/go-jabledownloader/cmd/jabledownloader/main.go:316.16,317.51 1 1
github.com/jooservices/go-jabledownloader/cmd/jabledownloader/main.go:318.22,319.59 1 1
github.com/jooservices/go-jabledownloader/cmd/jabledownloader/main.go:321.4,321.96 1 1
github.com/jooservices/go-jabledownloader/cmd/jabledownloader/main.go:331.73,333.16 2 1
github.com/jooservices/go-jabledownloader/cmd/jabledownloader/main.go:333.16,334.22 1 0
github.com/jooservices/go-jabledownloader/cmd/jabledownloader/main.go:334.23,334.24 0 0
github.com/jooservices/go-jabledownloader/cmd/jabledownloader/main.go:337.2,338.16 2 1
github.com/jooservices/go-jabledownloader/cmd/jabledownloader/main.go:338.16,339.22 1 1
github.com/jooservices/go-jabledownloader/cmd/jabledownloader/main.go:339.23,339.24 0 0
github.com/jooservices/go-jabledownloader/cmd/jabledownloader/main.go:341.2,343.20 2 0
github.com/jooservices/go-jabledownloader/cmd/jabledownloader/main.go:343.20,346.3 2 0
github.com/jooservices/go-jabledownloader/cmd/jabledownloader/main.go:347.2,347.26 1 0
github.com/jooservices/go-jabledownloader/cmd/jabledownloader/main.go:351.56,353.16 2 1
github.com/jooservices/go-jabledownloader/cmd/jabledownloader/main.go:353.16,355.3 1 0
github.com/jooservices/go-jabledownloader/cmd/jabledownloader/main.go:356.2,356.27 1 1
github.com/jooservices/go-jabledownloader/cmd/jabledownloader/main.go:356.27,358.3 1 1
github.com/jooservices/go-jabledownloader/cmd/jabledownloader/main.go:359.2,359.28 1 1
github.com/jooservices/go-jabledownloader/cmd/jabledownloader/main.go:359.28,361.3 1 1
github.com/jooservices/go-jabledownloader/cmd/jabledownloader/main.go:362.2,363.16 2 1
github.com/jooservices/go-jabledownloader/cmd/jabledownloader/main.go:363.16,365.3 1 0
github.com/jooservices/go-jabledownloader/cmd/jabledownloader/main.go:367.2,395.22 6 1
github.com/jooservices/go-jabledownloader/cmd/jabledownloader/main.go:398.44,400.28 2 1
github.com/jooservices/go-jabledownloader/cmd/jabledownloader/main.go:400.28,402.3 1 1
github.com/jooservices/go-jabledownloader/cmd/jabledownloader/main.go:403.2,405.67 3 1
github.com/jooservices/go-jabledownloader/cmd/jabledownloader/main.go:405.67,407.3 1 1
github.com/jooservices/go-jabledownloader/cmd/jabledownloader/main.go:408.2,408.15 1 1
github.com/jooservices/go-jabledownloader/cmd/jabledownloader/main.go:411.41,412.34 1 1
github.com/jooservices/go-jabledownloader/cmd/jabledownloader/main.go:412.34,414.3 1 1
github.com/jooservices/go-jabledownloader/cmd/jabledownloader/main.go:415.2,415.17 1 1
github.com/jooservices/go-jabledownloader/cmd/jabledownloader/main.go:424.43,426.16 2 1
github.com/jooservices/go-jabledownloader/cmd/jabledownloader/main.go:426.16,428.3 1 0
github.com/jooservices/go-jabledownloader/cmd/jabledownloader/main.go:429.2,432.16 3 1
github.com/jooservices/go-jabledownloader/cmd/jabledownloader/main.go:432.16,434.3 1 1
github.com/jooservices/go-jabledownloader/cmd/jabledownloader/main.go:435.2,436.18 2 1
github.com/jooservices/go-jabledownloader/cmd/jabledownloader/main.go:436.18,438.3 1 1
github.com/jooservices/go-jabledownloader/cmd/jabledownloader/main.go:440.2,442.38 2 1
github.com/jooservices/go-jabledownloader/cmd/jabledownloader/main.go:442.38,445.3 2 1
github.com/jooservices/go-jabledownloader/cmd/jabledownloader/main.go:447.2,447.27 1 1
github.com/jooservices/go-jabledownloader/cmd/jabledownloader/main.go:447.27,451.3 2 1
github.com/jooservices/go-jabledownloader/cmd/jabledownloader/main.go:453.2,454.18 2 1
github.com/jooservices/go-jabledownloader/cmd/jabledownloader/main.go:454.18,457.3 1 1
github.com/jooservices/go-jabledownloader/cmd/jabledownloader/main.go:459.2,460.51 2 1
github.com/jooservices/go-jabledownloader/cmd/jabledownloader/main.go:460.51,462.3 1 0
github.com/jooservices/go-jabledownloader/cmd/jabledownloader/main.go:463.2,464.12 2 1
