mode: set
github.com/jooservices/go-jabledownloader/cmd/jabledownloader/main.go:64.2,65.1 1 0
github.com/jooservices/go-jabledownloader/cmd/jabledownloader/main.go:68.2,70.1 4 1
github.com/jooservices/go-jabledownloader/cmd/jabledownloader/main.go:71.2,72.1 4 1
github.com/jooservices/go-jabledownloader/cmd/jabledownloader/main.go:73.2,73.52 4 1
github.com/jooservices/go-jabledownloader/cmd/jabledownloader/main.go:74.3,76.1 2 1
github.com/jooservices/go-jabledownloader/cmd/jabledownloader/main.go:77.2,77.15 1 1
github.com/jooservices/go-jabledownloader/cmd/jabledownloader/main.go:81.2,82.30 2 1
github.com/jooservices/go-jabledownloader/cmd/jabledownloader/main.go:83.3,84.1 1 1
github.com/jooservices/go-jabledownloader/cmd/jabledownloader/main.go:85.2,85.18 1 1
github.com/jooservices/go-jabledownloader/cmd/jabledownloader/main.go:89.2,95.1 21 1
github.com/jooservices/go-jabledownloader/cmd/jabledownloader/main.go:97.2,106.1 21 1
github.com/jooservices/go-jabledownloader/cmd/jabledownloader/main.go:107.2,110.1 21 1
github.com/jooservices/go-jabledownloader/cmd/jabledownloader/main.go:111.2,118.1 21 1
github.com/jooservices/go-jabledownloader/cmd/jabledownloader/main.go:119.2,120.1 21 1
github.com/jooservices/go-jabledownloader/cmd/jabledownloader/main.go:123.2,129.55 1 1
github.com/jooservices/go-jabledownloader/cmd/jabledownloader/main.go:130.4,131.18 2 0
github.com/jooservices/go-jabledownloader/cmd/jabledownloader/main.go:132.5,133.1 1 0
github.com/jooservices/go-jabledownloader/cmd/jabledownloader/main.go:134.4,135.45 2 0
github.com/jooservices/go-jabledownloader/cmd/jabledownloader/main.go:141.2,147.55 1 1
github.com/jooservices/go-jabledownloader/cmd/jabledownloader/main.go:148.4,149.18 2 0
github.com/jooservices/go-jabledownloader/cmd/jabledownloader/main.go:150.5,151.1 1 0
github.com/jooservices/go-jabledownloader/cmd/jabledownloader/main.go:152.4,155.71 3 0
github.com/jooservices/go-jabledownloader/cmd/jabledownloader/main.go:156.6,157.1 1 0
github.com/jooservices/go-jabledownloader/cmd/jabledownloader/main.go:160.2,161.12 2 1
github.com/jooservices/go-jabledownloader/cmd/jabledownloader/main.go:165.2,170.52 1 1
github.com/jooservices/go-jabledownloader/cmd/jabledownloader/main.go:171.4,172.18 2 0
github.com/jooservices/go-jabledownloader/cmd/jabledownloader/main.go:173.5,174.1 1 0
github.com/jooservices/go-jabledownloader/cmd/jabledownloader/main.go:175.4,176.92 2 0
github.com/jooservices/go-jabledownloader/cmd/jabledownloader/main.go:179.2,180.12 2 1
github.com/jooservices/go-jabledownloader/cmd/jabledownloader/main.go:184.2,189.52 1 1
github.com/jooservices/go-jabledownloader/cmd/jabledownloader/main.go:190.4,191.18 2 0
github.com/jooservices/go-jabledownloader/cmd/jabledownloader/main.go:192.5,193.1 1 0
github.com/jooservices/go-jabledownloader/cmd/jabledownloader/main.go:194.4,195.83 2 0
github.com/jooservices/go-jabledownloader/cmd/jabledownloader/main.go:198.2,199.12 2 1
github.com/jooservices/go-jabledownloader/cmd/jabledownloader/main.go:203.2,207.52 1 1
github.com/jooservices/go-jabledownloader/cmd/jabledownloader/main.go:208.4,209.1 1 0
github.com/jooservices/go-jabledownloader/cmd/jabledownloader/main.go:211.2,212.12 2 1
github.com/jooservices/go-jabledownloader/cmd/jabledownloader/main.go:216.2,221.52 1 1
github.com/jooservices/go-jabledownloader/cmd/jabledownloader/main.go:222.4,223.1 1 0
github.com/jooservices/go-jabledownloader/cmd/jabledownloader/main.go:225.2,229.55 1 1
github.com/jooservices/go-jabledownloader/cmd/jabledownloader/main.go:230.4,230.22 1 1
github.com/jooservices/go-jabledownloader/cmd/jabledownloader/main.go:231.5,232.1 1 0
github.com/jooservices/go-jabledownloader/cmd/jabledownloader/main.go:233.4,233.37 1 1
github.com/jooservices/go-jabledownloader/cmd/jabledownloader/main.go:236.2,240.55 1 1
github.com/jooservices/go-jabledownloader/cmd/jabledownloader/main.go:241.4,242.1 1 1
github.com/jooservices/go-jabledownloader/cmd/jabledownloader/main.go:244.2,244.12 1 1
github.com/jooservices/go-jabledownloader/cmd/jabledownloader/main.go:248.2,249.16 2 0
github.com/jooservices/go-jabledownloader/cmd/jabledownloader/main.go:250.3,251.1 1 0
github.com/jooservices/go-jabledownloader/cmd/jabledownloader/main.go:252.2,255.12 4 0
github.com/jooservices/go-jabledownloader/cmd/jabledownloader/main.go:259.2,260.16 2 1
github.com/jooservices/go-jabledownloader/cmd/jabledownloader/main.go:261.3,262.1 1 0
github.com/jooservices/go-jabledownloader/cmd/jabledownloader/main.go:263.2,263.30 1 1
github.com/jooservices/go-jabledownloader/cmd/jabledownloader/main.go:265.3,265.49 1 0
github.com/jooservices/go-jabledownloader/cmd/jabledownloader/main.go:267.3,267.51 1 1
github.com/jooservices/go-jabledownloader/cmd/jabledownloader/main.go:269.3,269.49 1 0
github.com/jooservices/go-jabledownloader/cmd/jabledownloader/main.go:271.3,271.94 1 0
github.com/jooservices/go-jabledownloader/cmd/jabledownloader/main.go:273.2,273.12 1 1
github.com/jooservices/go-jabledownloader/cmd/jabledownloader/main.go:277.2,278.16 2 1
github.com/jooservices/go-jabledownloader/cmd/jabledownloader/main.go:279.3,280.1 1 0
github.com/jooservices/go-jabledownloader/cmd/jabledownloader/main.go:281.2,281.30 1 1
github.com/jooservices/go-jabledownloader/cmd/jabledownloader/main.go:283.3,283.37 1 0
github.com/jooservices/go-jabledownloader/cmd/jabledownloader/main.go:284.4,285.1 1 0
github.com/jooservices/go-jabledownloader/cmd/jabledownloader/main.go:286.3,286.24 1 0
github.com/jooservices/go-jabledownloader/cmd/jabledownloader/main.go:288.3,289.27 2 1
github.com/jooservices/go-jabledownloader/cmd/jabledownloader/main.go:290.4,291.1 1 0
github.com/jooservices/go-jabledownloader/cmd/jabledownloader/main.go:292.3,292.22 1 1
github.com/jooservices/go-jabledownloader/cmd/jabledownloader/main.go:294.3,294.88 1 0
github.com/jooservices/go-jabledownloader/cmd/jabledownloader/main.go:296.2,296.35 1 1
github.com/jooservices/go-jabledownloader/cmd/jabledownloader/main.go:297.3,298.1 1 0
github.com/jooservices/go-jabledownloader/cmd/jabledownloader/main.go:299.2,300.12 2 1
github.com/jooservices/go-jabledownloader/cmd/jabledownloader/main.go:304.2,310.53 1 1
github.com/jooservices/go-jabledownloader/cmd/jabledownloader/main.go:311.4,311.19 1 1
github.com/jooservices/go-jabledownloader/cmd/jabledownloader/main.go:313.5,313.53 1 1
github.com/jooservices/go-jabledownloader/cmd/jabledownloader/main.go:315.5,315.44 1 1
github.com/jooservices/go-jabledownloader/cmd/jabledownloader/main.go:317.5,317.51 1 1
github.com/jooservices/go-jabledownloader/cmd/jabledownloader/main.go:319.5,319.59 1 1
github.com/jooservices/go-jabledownloader/cmd/jabledownloader/main.go:321.4,321.96 1 1
github.com/jooservices/go-jabledownloader/cmd/jabledownloader/main.go:332.2,333.16 2 1
github.com/jooservices/go-jabledownloader/cmd/jabledownloader/main.go:334.3,334.22 1 0
github.com/jooservices/go-jabledownloader/cmd/jabledownloader/main.go:334.23,334.23 0 0
github.com/jooservices/go-jabledownloader/cmd/jabledownloader/main.go:337.2,338.16 2 1
github.com/jooservices/go-jabledownloader/cmd/jabledownloader/main.go:339.3,339.22 1 1
github.com/jooservices/go-jabledownloader/cmd/jabledownloader/main.go:339.23,339.23 0 0
github.com/jooservices/go-jabledownloader/cmd/jabledownloader/main.go:341.2,342.1 2 0
github.com/jooservices/go-jabledownloader/cmd/jabledownloader/main.go:343.2,343.20 2 0
github.com/jooservices/go-jabledownloader/cmd/jabledownloader/main.go:344.3,346.1 2 0
github.com/jooservices/go-jabledownloader/cmd/jabledownloader/main.go:347.2,347.26 1 0
github.com/jooservices/go-jabledownloader/cmd/jabledownloader/main.go:352.2,353.16 2 1
github.com/jooservices/go-jabledownloader/cmd/jabledownloader/main.go:354.3,355.1 1 0
github.com/jooservices/go-jabledownloader/cmd/jabledownloader/main.go:356.2,356.27 1 1
github.com/jooservices/go-jabledownloader/cmd/jabledownloader/main.go:357.3,358.1 1 1
github.com/jooservices/go-jabledownloader/cmd/jabledownloader/main.go:359.2,359.28 1 1
github.com/jooservices/go-jabledownloader/cmd/jabledownloader/main.go:360.3,361.1 1 1
github.com/jooservices/go-jabledownloader/cmd/jabledownloader/main.go:362.2,363.16 2 1
github.com/jooservices/go-jabledownloader/cmd/jabledownloader/main.go:364.3,365.1 1 0
github.com/jooservices/go-jabledownloader/cmd/jabledownloader/main.go:367.2,369.1 6 1
github.com/jooservices/go-jabledownloader/cmd/jabledownloader/main.go:370.2,376.1 6 1
github.com/jooservices/go-jabledownloader/cmd/jabledownloader/main.go:377.2,378.1 6 1
github.com/jooservices/go-jabledownloader/cmd/jabledownloader/main.go:379.2,394.1 6 1
github.com/jooservices/go-jabledownloader/cmd/jabledownloader/main.go:395.2,395.22 6 1
github.com/jooservices/go-jabledownloader/cmd/jabledownloader/main.go:399.2,400.28 2 1
github.com/jooservices/go-jabledownloader/cmd/jabledownloader/main.go:401.3,402.1 1 1
github.com/jooservices/go-jabledownloader/cmd/jabledownloader/main.go:403.2,405.67 3 1
github.com/jooservices/go-jabledownloader/cmd/jabledownloader/main.go:406.3,407.1 1 1
github.com/jooservices/go-jabledownloader/cmd/jabledownloader/main.go:408.2,408.15 1 1
github.com/jooservices/go-jabledownloader/cmd/jabledownloader/main.go:412.2,412.34 1 1
github.com/jooservices/go-jabledownloader/cmd/jabledownloader/main.go:413.3,414.1 1 1
github.com/jooservices/go-jabledownloader/cmd/jabledownloader/main.go:415.2,415.17 1 1
github.com/jooservices/go-jabledownloader/cmd/jabledownloader/main.go:425.2,426.16 2 1
github.com/jooservices/go-jabledownloader/cmd/jabledownloader/main.go:427.3,428.1 1 0
github.com/jooservices/go-jabledownloader/cmd/jabledownloader/main.go:429.2,430.1 3 1
github.com/jooservices/go-jabledownloader/cmd/jabledownloader/main.go:431.2,432.16 3 1
github.com/jooservices/go-jabledownloader/cmd/jabledownloader/main.go:433.3,434.1 1 1
github.com/jooservices/go-jabledownloader/cmd/jabledownloader/main.go:435.2,436.18 2 1
github.com/jooservices/go-jabledownloader/cmd/jabledownloader/main.go:437.3,438.1 1 1
github.com/jooservices/go-jabledownloader/cmd/jabledownloader/main.go:440.2,441.1 2 1
github.com/jooservices/go-jabledownloader/cmd/jabledownloader/main.go:442.2,442.38 2 1
github.com/jooservices/go-jabledownloader/cmd/jabledownloader/main.go:443.3,445.1 2 1
github.com/jooservices/go-jabledownloader/cmd/jabledownloader/main.go:447.2,447.27 1 1
github.com/jooservices/go-jabledownloader/cmd/jabledownloader/main.go:448.3,451.1 2 1
github.com/jooservices/go-jabledownloader/cmd/jabledownloader/main.go:453.2,454.18 2 1
github.com/jooservices/go-jabledownloader/cmd/jabledownloader/main.go:455.3,457.1 1 1
github.com/jooservices/go-jabledownloader/cmd/jabledownloader/main.go:459.2,460.51 2 1
github.com/jooservices/go-jabledownloader/cmd/jabledownloader/main.go:461.3,462.1 1 0
github.com/jooservices/go-jabledownloader/cmd/jabledownloader/main.go:463.2,464.12 2 1
